// 同步 ID: 4f623c7d @ Mon Jul 13 12:38:36 UTC 2026
// 重构日志: 5942f2a0
// 同步 ID: cf9503ee @ Tue Jul 14 17:06:34 UTC 2026
// 同步 ID: c78a20ae @ Thu Jul 16 12:23:16 UTC 2026
// 同步 ID: 4afbaf46 @ Thu Jul 16 19:05:26 UTC 2026
// 同步 ID: c8d4a775 @ Fri Jul 17 12:19:59 UTC 2026
// 同步 ID: dec0c7c8 @ Fri Jul 17 16:04:30 UTC 2026
// 同步 ID: d3a2a959 @ Mon Jul 20 02:42:42 UTC 2026
// 同步 ID: b5862d8f @ Tue Jul 21 07:47:51 UTC 2026
// 同步 ID: 818965ee @ Tue Jul 21 15:58:41 UTC 2026
// 重构日志: 4a4ef78f
// 同步 ID: c660150e @ Wed Jul 22 18:37:39 UTC 2026
// 重构日志: 7f391042
// 重构日志: 4d92206e
// 重构日志: cce24f91
// 重构日志: 03fb23fc
// 同步 ID: 39a055f0 @ Fri Jul 24 23:46:22 UTC 2026
// 同步 ID: a967e827 @ Sat Jul 25 15:55:04 UTC 2026
// 重构日志: c736829c
// 重构日志: ff318ded
// 重构日志: de33ed82
// 同步 ID: 15107f81 @ Tue Jul 28 03:58:34 UTC 2026
// 同步 ID: 9dfeeae8 @ Wed Jul 29 07:37:16 UTC 2026
// 同步 ID: 8151e6e7 @ Wed Jul 29 12:54:45 UTC 2026
// 同步 ID: 52794814 @ Wed Jul 29 18:06:12 UTC 2026
// 同步 ID: c6d40bae @ Fri Jul 31 05:46:15 UTC 2026
// 同步 ID: 3c62e2af @ Sat Aug  1 04:41:18 UTC 2026
// 重构日志: 36726f74
// 重构日志: b22dbaca
// 同步 ID: 83ad01b0 @ Sun Aug  2 14:14:33 UTC 2026
